2026-06-12 14:20:14 | INFO     | Placing MARKET BUY order | Symbol: BTCUSDT | Qty: 0.01
2026-06-12 14:20:14 | DEBUG    | Order request params: {'symbol': 'BTCUSDT', 'side': 'BUY', 'type': 'MARKET', 'quantity': 0.01}
2026-06-12 14:20:14 | DEBUG    | POST https://testnet.binancefuture.com/fapi/v1/order | params: {'symbol': 'BTCUSDT', 'side': 'BUY', 'type': 'MARKET', 'quantity': 0.01, 'timestamp': 1781254214752, 'signature': 'ebafb6e3cf1157340d8284728c16bc120f3bdba493c17c0a4ceffd83605f9ec7'}
2026-06-12 14:20:16 | DEBUG    | Response [401]: {"code":-2015,"msg":"Invalid API-key, IP, or permissions for action"}
2026-06-12 14:20:16 | ERROR    | Binance API error [-2015]: Invalid API-key, IP, or permissions for action
2026-06-12 14:20:18 | INFO     | Placing LIMIT BUY order | Symbol: BTCUSDT | Qty: 0.01 | Price: 60000.0
2026-06-12 14:20:18 | DEBUG    | Order request params: {'symbol': 'BTCUSDT', 'side': 'BUY', 'type': 'LIMIT', 'quantity': 0.01, 'price': 60000.0, 'timeInForce': 'GTC'}
2026-06-12 14:20:18 | DEBUG    | POST https://testnet.binancefuture.com/fapi/v1/order | params: {'symbol': 'BTCUSDT', 'side': 'BUY', 'type': 'LIMIT', 'quantity': 0.01, 'price': 60000.0, 'timeInForce': 'GTC', 'timestamp': 1781254218123, 'signature': 'b7ccde6a914c15645440a2bffb121e47fdec47c69e1466fb8ae20dfbb440ee0f'}
2026-06-12 14:20:19 | DEBUG    | Response [401]: {"code":-2015,"msg":"Invalid API-key, IP, or permissions for action"}
2026-06-12 14:20:19 | ERROR    | Binance API error [-2015]: Invalid API-key, IP, or permissions for action
2026-06-12 14:30:26 | INFO     | Placing MARKET BUY order | Symbol: BTCUSDT | Qty: 0.001
2026-06-12 14:30:26 | DEBUG    | Order request params: {'symbol': 'BTCUSDT', 'side': 'BUY', 'type': 'MARKET', 'quantity': 0.001}
2026-06-12 14:30:26 | DEBUG    | POST https://testnet.binance.vision/api/v3/order | params: {'symbol': 'BTCUSDT', 'side': 'BUY', 'type': 'MARKET', 'quantity': 0.001, 'timestamp': 1781254826842, 'signature': '377c706c00b333786507c69853820fe52cd24606fc9f8c473b2a44238a971389'}
2026-06-12 14:30:29 | DEBUG    | Response [200]: {"symbol":"BTCUSDT","orderId":3847371,"orderListId":-1,"clientOrderId":"eZy35FKOPbx4yx3CvNvdTs","transactTime":1781254828768,"price":"0.00000000","origQty":"0.00100000","executedQty":"0.00100000","origQuoteOrderQty":"0.00000000","cummulativeQuoteQty":"63.46101000","status":"FILLED","timeInForce":"GTC","type":"MARKET","side":"BUY","workingTime":1781254828768,"fills":[{"price":"63461.01000000","qty":"0.00100000","commission":"0.00000000","commissionAsset":"BTC","tradeId":1114697}],"selfTradePreven
2026-06-12 14:30:29 | INFO     | Order placed successfully | OrderId: 3847371 | Status: FILLED | ExecutedQty: 0.00100000 | AvgPrice: None
2026-06-12 14:30:29 | DEBUG    | Full order response: {'symbol': 'BTCUSDT', 'orderId': 3847371, 'orderListId': -1, 'clientOrderId': 'eZy35FKOPbx4yx3CvNvdTs', 'transactTime': 1781254828768, 'price': '0.00000000', 'origQty': '0.00100000', 'executedQty': '0.00100000', 'origQuoteOrderQty': '0.00000000', 'cummulativeQuoteQty': '63.46101000', 'status': 'FILLED', 'timeInForce': 'GTC', 'type': 'MARKET', 'side': 'BUY', 'workingTime': 1781254828768, 'fills': [{'price': '63461.01000000', 'qty': '0.00100000', 'commission': '0.00000000', 'commissionAsset': 'BTC', 'tradeId': 1114697}], 'selfTradePreventionMode': 'EXPIRE_MAKER'}
2026-06-12 14:31:13 | INFO     | Placing LIMIT BUY order | Symbol: BTCUSDT | Qty: 0.001 | Price: 60000.0
2026-06-12 14:31:13 | DEBUG    | Order request params: {'symbol': 'BTCUSDT', 'side': 'BUY', 'type': 'LIMIT', 'quantity': 0.001, 'price': 60000.0, 'timeInForce': 'GTC'}
2026-06-12 14:31:13 | DEBUG    | POST https://testnet.binance.vision/api/v3/order | params: {'symbol': 'BTCUSDT', 'side': 'BUY', 'type': 'LIMIT', 'quantity': 0.001, 'price': 60000.0, 'timeInForce': 'GTC', 'timestamp': 1781254873272, 'signature': 'cc12e7b623362ebcc6e2a37480372c6fee7486f254b5dbee4f3d61679dfc1699'}
2026-06-12 14:31:15 | DEBUG    | Response [200]: {"symbol":"BTCUSDT","orderId":3847789,"orderListId":-1,"clientOrderId":"Alh6qBOJMXJWbDGUNjBvI6","transactTime":1781254874003,"price":"60000.00000000","origQty":"0.00100000","executedQty":"0.00000000","origQuoteOrderQty":"0.00000000","cummulativeQuoteQty":"0.00000000","status":"NEW","timeInForce":"GTC","type":"LIMIT","side":"BUY","workingTime":1781254874003,"fills":[],"selfTradePreventionMode":"EXPIRE_MAKER"}
2026-06-12 14:31:15 | INFO     | Order placed successfully | OrderId: 3847789 | Status: NEW | ExecutedQty: 0.00000000 | AvgPrice: None
2026-06-12 14:31:15 | DEBUG    | Full order response: {'symbol': 'BTCUSDT', 'orderId': 3847789, 'orderListId': -1, 'clientOrderId': 'Alh6qBOJMXJWbDGUNjBvI6', 'transactTime': 1781254874003, 'price': '60000.00000000', 'origQty': '0.00100000', 'executedQty': '0.00000000', 'origQuoteOrderQty': '0.00000000', 'cummulativeQuoteQty': '0.00000000', 'status': 'NEW', 'timeInForce': 'GTC', 'type': 'LIMIT', 'side': 'BUY', 'workingTime': 1781254874003, 'fills': [], 'selfTradePreventionMode': 'EXPIRE_MAKER'}
2026-06-12 14:35:40 | INFO     | Placing MARKET SELL order | Symbol: BTCUSDT | Qty: 0.001
2026-06-12 14:35:40 | DEBUG    | Order request params: {'symbol': 'BTCUSDT', 'side': 'SELL', 'type': 'MARKET', 'quantity': 0.001}
2026-06-12 14:35:40 | DEBUG    | POST https://testnet.binance.vision/api/v3/order | params: {'symbol': 'BTCUSDT', 'side': 'SELL', 'type': 'MARKET', 'quantity': 0.001, 'timestamp': 1781255140210, 'signature': 'c760fd7bff34d3c01d4ee5729319be1977796995bf02943700469a5c9101d2ba'}
2026-06-12 14:35:43 | DEBUG    | Response [200]: {"symbol":"BTCUSDT","orderId":3850410,"orderListId":-1,"clientOrderId":"k2ulYkplHksadzvk4e7YQC","transactTime":1781255142535,"price":"0.00000000","origQty":"0.00100000","executedQty":"0.00100000","origQuoteOrderQty":"0.00000000","cummulativeQuoteQty":"63.44980000","status":"FILLED","timeInForce":"GTC","type":"MARKET","side":"SELL","workingTime":1781255142535,"fills":[{"price":"63449.80000000","qty":"0.00100000","commission":"0.00000000","commissionAsset":"USDT","tradeId":1115313}],"selfTradePrev
2026-06-12 14:35:43 | INFO     | Order placed successfully | OrderId: 3850410 | Status: FILLED | ExecutedQty: 0.00100000 | AvgPrice: 63449.80000000
2026-06-12 14:35:43 | DEBUG    | Full order response: {'symbol': 'BTCUSDT', 'orderId': 3850410, 'orderListId': -1, 'clientOrderId': 'k2ulYkplHksadzvk4e7YQC', 'transactTime': 1781255142535, 'price': '0.00000000', 'origQty': '0.00100000', 'executedQty': '0.00100000', 'origQuoteOrderQty': '0.00000000', 'cummulativeQuoteQty': '63.44980000', 'status': 'FILLED', 'timeInForce': 'GTC', 'type': 'MARKET', 'side': 'SELL', 'workingTime': 1781255142535, 'fills': [{'price': '63449.80000000', 'qty': '0.00100000', 'commission': '0.00000000', 'commissionAsset': 'USDT', 'tradeId': 1115313}], 'selfTradePreventionMode': 'EXPIRE_MAKER'}
